// Jest Snapshot v1, https://goo.gl/fbAQLP

exports[`matches the snapshots 1`] = `
<h1>
  Waiting...
</h1>
`;
